// Jest Snapshot v1, https://goo.gl/fbAQLP

exports[`Progress Bar should run correctly should match with snapshot 1`] = `[Function]`;
