// Jest Snapshot v1, https://goo.gl/fbAQLP

exports[`AnonymousUsername test Should match version 1 snapshot 1`] = `[Function]`;

exports[`AnonymousUsername test Should match version 1 snapshot 2`] = `[Function]`;
