// Jest Snapshot v1, https://goo.gl/fbAQLP

exports[`TaggingUserText component test should render and match snapshot 1`] = `
<Text
  onPress={[Function]}
  style={
    Object {
      "color": "#2C67BC",
      "fontFamily": "Inter-Medium",
    }
  }
  testID="TaggingUserTextComponent"
>
  @fajarism
</Text>
`;
