// Jest Snapshot v1, https://goo.gl/fbAQLP

exports[`News search should run correctly Should match snapshot 1`] = `[Function]`;
