// Jest Snapshot v1, https://goo.gl/fbAQLP

exports[`Input should run correctly should match snapshot 1`] = `[Function]`;
