// Jest Snapshot v1, https://goo.gl/fbAQLP

exports[`Blockeg page should run correctly Blocked tab hhould match snapshot 1`] = `[Function]`;
