// Jest Snapshot v1, https://goo.gl/fbAQLP

exports[`Poll option should run correctly Should match as snapshot 1`] = `[Function]`;
