// Jest Snapshot v1, https://goo.gl/fbAQLP

exports[`EditGroup should run correctly editGroup should match snapshot 1`] = `[Function]`;
