// Jest Snapshot v1, https://goo.gl/fbAQLP

exports[`Settings page should run correctly Should match snapshot 1`] = `[Function]`;
