// Jest Snapshot v1, https://goo.gl/fbAQLP

exports[`PDP page should run correctly should be same as snapshot 1`] = `[Function]`;
