// Jest Snapshot v1, https://goo.gl/fbAQLP

exports[`ButtonAddParticipant should run correctly should be match with snapshot 1`] = `[Function]`;
