// Jest Snapshot v1, https://goo.gl/fbAQLP

exports[`Comment test should run correctly Should match snapshot 1`] = `[Function]`;
