// Jest Snapshot v1, https://goo.gl/fbAQLP

exports[`Dot should run correctly should match snapshot 1`] = `[Function]`;
