// Jest Snapshot v1, https://goo.gl/fbAQLP

exports[`Testing Network Status Indicator Component Match Snapshot 1`] = `[Function]`;
